Exit code: 1
> Task :app:preBuild UP-TO-DATE
> Task :app:preDebugBuild UP-TO-DATE
> Task :app:checkKotlinGradlePluginConfigurationErrors SKIPPED
> Task :app:compileDebugKotlin FAILED
[Incubating] Problems report is available at: file:///D:/Documents/Coding/projects/VetCalApp/android/build/reports/problems/problems-report.html
FAILURE: Build failed with an exception.
* What went wrong:
Execution failed for task ':app:compileDebugKotlin'.
> A failure occurred while executing org.jetbrains.kotlin.compilerRunner.GradleCompilerRunnerWithWorkers$GradleKotlinCompilerWorkAction
   > Compilation error. See log for more details
> Run with --scan to get full insights from a Build Scan (powered by Develocity).
Deprecated Gradle features were used in this build, making it incompatible with Gradle 10.
BUILD FAILED in 3s
